{
  "population": {
    "prompts": 648,
    "eligible_prompts": 576,
    "clusters": 45,
    "eligible_clusters": 39,
    "excluded_pairs": [
      [
        1,
        1
      ],
      [
        1,
        2
      ],
      [
        1,
        3
      ],
      [
        2,
        2
      ],
      [
        8,
        9
      ],
      [
        9,
        9
      ]
    ],
    "fold_test_prompts": [
      128,
      136,
      120,
      136,
      128
    ],
    "fold_training_prompts": [
      520,
      512,
      528,
      512,
      520
    ],
    "fold_eligible_test_prompts": [
      104,
      136,
      80,
      136,
      120
    ],
    "inner_train_prompts": [
      408,
      400,
      408,
      392,
      408
    ],
    "inner_validation_prompts": [
      112,
      112,
      120,
      120,
      112
    ],
    "inner_validation_absent_label_prompts": [
      16,
      40,
      16,
      16,
      0
    ]
  },
  "contrasts": {
    "probe_minus_logit_lens": {
      "per_loop": [
        -0.17013888888888884,
        0.05902777777777779,
        0.17708333333333334,
        -0.0625
      ],
      "ci95_fixed_choices": [
        [
          -0.29452054794520544,
          -0.04861111111111105
        ],
        [
          -0.023972602739726012,
          0.14613313102297945
        ],
        [
          0.0587026515151515,
          0.2939189189189189
        ],
        [
          -0.16197183098591547,
          0.040540540540540515
        ]
      ],
      "ci95_published_selection_policy": [
        [
          -0.3373287671232877,
          -0.05555555555555558
        ],
        [
          -0.02174463866039951,
          0.24637810559006204
        ],
        [
          0.06161908042457644,
          0.3421052631578947
        ],
        [
          -0.16166666666666665,
          0.05034722222222224
        ]
      ]
    },
    "j_lens_minus_logit_lens": {
      "per_loop": [
        -0.37152777777777773,
        0.0,
        -0.03125,
        -0.1909722222222222
      ],
      "ci95_fixed_choices": [
        [
          -0.5180921052631579,
          -0.22466155013709363
        ],
        [
          -0.10069444444444448,
          0.10362479151223072
        ],
        [
          -0.1044851569359087,
          0.042208340645840614
        ],
        [
          -0.26087356138107415,
          -0.12333333333333332
        ]
      ],
      "ci95_published_selection_policy": [
        [
          -0.5520833333333333,
          -0.22678571428571426
        ],
        [
          -0.13556715291750507,
          0.15845070422535212
        ],
        [
          -0.09507042253521125,
          0.11
        ],
        [
          -0.28308823529411764,
          -0.10273972602739728
        ]
      ]
    },
    "j_lens_minus_probe": {
      "per_loop": [
        -0.2013888888888889,
        -0.05902777777777779,
        -0.20833333333333334,
        -0.1284722222222222
      ],
      "ci95_fixed_choices": [
        [
          -0.37166883116883115,
          -0.027170240893067313
        ],
        [
          -0.18923611111111105,
          0.07118055555555558
        ],
        [
          -0.3134057971014493,
          -0.10787671232876714
        ],
        [
          -0.21710526315789475,
          -0.036178577865898114
        ]
      ],
      "ci95_published_selection_policy": [
        [
          -0.3716216216216216,
          -0.021953951233842993
        ],
        [
          -0.23767605633802819,
          0.06164383561643827
        ],
        [
          -0.30650684931506844,
          -0.08732482426099526
        ],
        [
          -0.23376623376623376,
          -0.04821428571428571
        ]
      ]
    },
    "logit_lens_one_form_minus_logit_lens": {
      "per_loop": [
        -0.02430555555555547,
        -0.00868055555555558,
        -0.029513888888888895,
        -0.032986111111111105
      ],
      "ci95_fixed_choices": [
        [
          -0.06770833333333337,
          0.0017361111111111605
        ],
        [
          -0.09589041095890405,
          0.07363013698630133
        ],
        [
          -0.06617647058823531,
          0.0
        ],
        [
          -0.06999999999999995,
          -0.001736111111111105
        ]
      ],
      "ci95_published_selection_policy": [
        [
          -0.10616438356164382,
          0.05892857142857144
        ],
        [
          -0.10810810810810811,
          0.11472602739726029
        ],
        [
          -0.1283783783783784,
          0.0273972602739726
        ],
        [
          -0.09191176470588236,
          0.0033783783783783994
        ]
      ]
    },
    "j_lens_one_form_minus_j_lens": {
      "per_loop": [
        0.05555555555555558,
        -0.029513888888888895,
        0.012152777777777762,
        -0.05902777777777778
      ],
      "ci95_fixed_choices": [
        [
          -0.07609450483091793,
          0.19286904761904655
        ],
        [
          -0.0625,
          0.0
        ],
        [
          -0.02397260273972604,
          0.04833768656716381
        ],
        [
          -0.09417808219178084,
          -0.026408450704225345
        ]
      ],
      "ci95_published_selection_policy": [
        [
          -0.19792410714285716,
          0.2191780821917808
        ],
        [
          -0.06607142857142856,
          0.06964285714285712
        ],
        [
          -0.05666666666666667,
          0.05236486486486486
        ],
        [
          -0.08214285714285714,
          0.013513513513513514
        ]
      ]
    }
  },
  "selected_C": [
    [
      0.1,
      0.01,
      1.0,
      0.01
    ],
    [
      1.0,
      0.01,
      0.1,
      0.01
    ],
    [
      1.0,
      1.0,
      1.0,
      0.1
    ],
    [
      1.0,
      1.0,
      0.1,
      1.0
    ],
    [
      1.0,
      0.01,
      0.1,
      1.0
    ]
  ]
}
