[]
[]
[]
[]
[]
[]
[]
[]
[]
[]
[]
[]
[]
[]
[]
[]
[]
[]
[]
[]
[]
[]
[]
[]
[]
[]
[]
[]
[]
[]
[]
[]
[]
[]
[]
[]
[]
[]
[]
[]
[]
[]
[]
[]
[]
[]
[]
[]
[]
[]
[]
[]
[]
[]
[]
[]
[]
[]
[]
[]
[]
[]
[]
[]
[]
[]
[]
[]
[]
[]
[]
[]
[]
[]
[]
[]
[]
[]
[]
[]
[]
[]
[]
[]
[]
[]
[]
[]
[]
[]
[]
[]
[]
[]
[]
[]
[]
[]
[]
[]
[]
[]
[]
[]
[]
[]
[]
[]
[]
[]
[]
[]
[]
[]
[]
[]
[]
[]
[]
[]
[]
[]
[]
[]
[]
[]
[]
[]
[]
[]
[]
[]
[]
[]
[]
[]
[]
[]
[]
[]
[]
[]
[]
[]
[]
[]
[]
[]
[]
[]
[]
[]
[]
[]
[]
[]
[]
[]
[]
[]
[]
[]
[]
[]
[]
[]
[]
[]
[]
[]
[]
[]
[]
[]
[]
[]
[]
[]
[]
[]
[]
[]
[]
[]
[]
[]
[]
[]
[]
[]
[]
[]
[]
[]
[]
[]
[]
[]
[]
[]
[]
[]
[]
[]
[]
[]
[]
[]
[]
[]
[]
[]
[]
[]
[]
[]
[]
[]
[]
[]
[]
[]
[]
[]
[]
[]
[]
[]
[]
[]
Traceback (most recent call last):
  File "/home/moloch/jacobian-lens/research/confirmation_2026-09-09/cloud_leases/attempt_04/monitor/lease.py", line 1049, in <module>
    main()
    ~~~~^^
  File "/home/moloch/jacobian-lens/research/confirmation_2026-09-09/cloud_leases/attempt_04/monitor/lease.py", line 1043, in main
    print(json.dumps(sync_results(args.root), indent=2))
                     ~~~~~~~~~~~~^^^^^^^^^^^
  File "/home/moloch/jacobian-lens/research/confirmation_2026-09-09/cloud_leases/attempt_04/monitor/lease.py", line 432, in sync_results
    manifests = handoff.read_index(state, transport)
  File "/home/moloch/jacobian-lens/research/confirmation_2026-09-09/cloud_leases/attempt_04/monitor/artifact_handoff.py", line 288, in read_index
    raw = transport.read_bytes('artifact_index.json')
  File "/home/moloch/jacobian-lens/research/confirmation_2026-09-09/cloud_leases/attempt_04/monitor/artifact_handoff.py", line 529, in read_bytes
    return self._python(script, timeout=30, operation='read_metadata') or None
           ~~~~~~~~~~~~^^^^^^^^^^^^^^^^^^^^^^^^^^^^^^^^^^^^^^^^^^^^^^^
  File "/home/moloch/jacobian-lens/research/confirmation_2026-09-09/cloud_leases/attempt_04/monitor/artifact_handoff.py", line 510, in _python
    return run_bounded(command, timeout=timeout, operation=operation, processes=self.processes).stdout
           ~~~~~~~~~~~^^^^^^^^^^^^^^^^^^^^^^^^^^^^^^^^^^^^^^^^^^^^^^^^^^^^^^^^^^^^^^^^^^^^^^^^^
  File "/home/moloch/jacobian-lens/research/confirmation_2026-09-09/cloud_leases/attempt_04/monitor/transport.py", line 60, in run_bounded
    raise subprocess.CalledProcessError(process.returncode, command, stdout, stderr)
subprocess.CalledProcessError: Command '['ssh', '-i', '/home/moloch/jacobian-lens/research/confirmation_2026-09-09/resources/ssh/id_ed25519', '-p', '22856', '-o', 'BatchMode=yes', '-o', 'ConnectTimeout=15', '-o', 'ServerAliveInterval=15', '-o', 'ServerAliveCountMax=3', '-o', 'ForwardAgent=no', '-o', 'StrictHostKeyChecking=accept-new', '-o', 'UserKnownHostsFile=/home/moloch/jacobian-lens/research/confirmation_2026-09-09/cloud_leases/attempt_04/known_hosts', 'root@194.14.47.19', 'python -c \'import base64,os,pathlib,stat,sys\np=pathlib.Path(\'"\'"\'/workspace/jlens\'"\'"\')/base64.b64decode(\'"\'"\'YXJ0aWZhY3RfaW5kZXguanNvbg==\'"\'"\').decode()\ndef sig(s): return s.st_dev,s.st_ino,s.st_size,s.st_mtime_ns,s.st_ctime_ns\nfor parent in (p,*p.parents):\n if parent.is_symlink(): raise ValueError(\'"\'"\'linked manifest path\'"\'"\')\nif not p.exists(): sys.exit(0)\ns=p.stat()\nif not stat.S_ISREG(s.st_mode) or s.st_size>4000000: raise ValueError(\'"\'"\'invalid metadata file\'"\'"\')\nwith p.open(\'"\'"\'rb\'"\'"\') as f:\n data=f.read()\n if sig(os.fstat(f.fileno()))!=sig(s): raise ValueError(\'"\'"\'metadata changed\'"\'"\')\nif sig(p.stat())!=sig(s): raise ValueError(\'"\'"\'metadata path changed\'"\'"\')\nsys.stdout.buffer.write(data)\n\'']' returned non-zero exit status 255.
