Traceback (most recent call last):
  File "/home/moloch/jacobian-lens/research/confirmation_2026-09-09/resources/parallel_upload.py", line 623, in <module>
    if __name__=='__main__':main()
                            ~~~~^^
  File "/home/moloch/jacobian-lens/research/confirmation_2026-09-09/resources/parallel_upload.py", line 620, in main
    upload(args)
    ~~~~~~^^^^^^
  File "/home/moloch/jacobian-lens/research/confirmation_2026-09-09/resources/parallel_upload.py", line 456, in upload
    future.result()
    ~~~~~~~~~~~~~^^
  File "/usr/lib/python3.14/concurrent/futures/_base.py", line 447, in result
    return self.__get_result()
           ~~~~~~~~~~~~~~~~~^^
  File "/usr/lib/python3.14/concurrent/futures/_base.py", line 396, in __get_result
    raise self._exception
  File "/usr/lib/python3.14/concurrent/futures/thread.py", line 86, in run
    result = ctx.run(self.task)
  File "/usr/lib/python3.14/concurrent/futures/thread.py", line 73, in run
    return fn(*args, **kwargs)
  File "/home/moloch/jacobian-lens/research/confirmation_2026-09-09/resources/parallel_upload.py", line 439, in send
    guard(); handoff.verify_local_sources(json.loads(state_path.read_text()))
    ~~~~~^^
  File "/home/moloch/jacobian-lens/research/confirmation_2026-09-09/resources/parallel_upload.py", line 394, in guard
    raise RuntimeError('Upload cancelled')
RuntimeError: Upload cancelled
