exit0_shard_0000_0025.pt           394,279,661  True  64.7s
exit0_shard_0000_0025.json               9,530  sidecar  0.5s
exit0_shard_0025_0050.pt           394,279,661  True  64.2s
exit0_shard_0025_0050.json               9,532  sidecar  0.3s
exit0_shard_0050_0075.pt           394,279,661  True  64.4s
exit0_shard_0050_0075.json               9,532  sidecar  0.3s
exit0_shard_0075_0100.pt           394,279,661  True  83.6s
exit0_shard_0075_0100.json               9,534  sidecar  0.4s
exit1_shard_0000_0025.pt           796,947,245  True  141.2s
exit1_shard_0000_0025.json              10,154  sidecar  0.3s
exit1_shard_0025_0050.pt           796,947,245  True  128.9s
exit1_shard_0025_0050.json              10,156  sidecar  0.3s
exit1_shard_0050_0075.pt           796,947,245  True  128.7s
exit1_shard_0050_0075.json              10,155  sidecar  0.3s
exit1_shard_0075_0100.pt           796,947,245  True  139.1s
exit1_shard_0075_0100.json              10,158  sidecar  0.4s
exit2_shard_0000_0025.pt         1,199,615,000  True  202.1s
exit2_shard_0000_0025.json              10,868  sidecar  0.3s
exit2_shard_0025_0050.pt         1,199,615,000  True  204.0s
exit2_shard_0025_0050.json              10,870  sidecar  0.4s
exit2_shard_0050_0075.pt         1,199,615,000  True  191.8s
exit2_shard_0050_0075.json              10,870  sidecar  0.4s
exit2_shard_0075_0100.pt         1,199,615,000  True  191.0s
exit2_shard_0075_0100.json              10,872  sidecar  0.3s
exit3_shard_0080_0100.pt         1,602,282,696  True  255.1s
exit3_shard_0080_0100.json              11,592  sidecar  0.4s
ALL VERIFIED 1863 s
