{
 "unchanged": false,
 "git_unchanged": false,
 "/home/moloch/jacobian-lens/research/confirmation_2026-09-09": {
  "files_before": 3657,
  "files_after": 3657,
  "changed": 0,
  "removed": 0,
  "added": 0
 },
 "/home/moloch/jacobian-lens/research/refit_round_2026-09-07": {
  "files_before": 3908,
  "files_after": 3908,
  "changed": 0,
  "removed": 0,
  "added": 0
 },
 "/home/moloch/ouro_project/artifacts/jlens": {
  "files_before": 372,
  "files_after": 372,
  "changed": 0,
  "removed": 0,
  "added": 0
 }
}
exit 0
