Collecting torch @ https://download.pytorch.org/whl/nightly/cu128/torch-2.12.0.dev20260407%2Bcu128-cp314-cp314-manylinux_2_28_x86_64.whl (from -r /workspace/jlens/bundle/jacobian-lens/research/refit_round_2026-09-07/deployment/requirements.lock (line 3))
  Downloading torch-2.12.0.dev20260407%2Bcu128-cp314-cp314-manylinux_2_28_x86_64.whl (832.5 MB)
     ━━━━━━━━━━━━━━━━━━━━━━━━━━━━━━━━━━━━━━━━ 832.5/832.5 MB 33.5 MB/s  0:00:24
Collecting triton @ https://download.pytorch.org/whl/nightly/triton-3.7.0%2Bgit9c288bc5-cp314-cp314-manylinux_2_27_x86_64.manylinux_2_28_x86_64.whl (from -r /workspace/jlens/bundle/jacobian-lens/research/refit_round_2026-09-07/deployment/requirements.lock (line 4))
  Downloading triton-3.7.0%2Bgit9c288bc5-cp314-cp314-manylinux_2_27_x86_64.manylinux_2_28_x86_64.whl (292.2 MB)
     ━━━━━━━━━━━━━━━━━━━━━━━━━━━━━━━━━━━━━━━━ 292.2/292.2 MB 41.5 MB/s  0:00:06
Collecting accelerate @ https://files.pythonhosted.org/packages/7e/46/02ac5e262d4af18054b3e922b2baedbb2a03289ee792162de60a865defc5/accelerate-1.13.0-py3-none-any.whl (from -r /workspace/jlens/bundle/jacobian-lens/research/refit_round_2026-09-07/deployment/requirements.lock (line 5))
  Downloading accelerate-1.13.0-py3-none-any.whl (383 kB)
Collecting certifi @ https://files.pythonhosted.org/packages/22/30/7cd8fdcdfbc5b869528b079bfb76dcdf6056b1a2097a662e5e8c04f42965/certifi-2026.4.22-py3-none-any.whl (from -r /workspace/jlens/bundle/jacobian-lens/research/refit_round_2026-09-07/deployment/requirements.lock (line 6))
  Downloading certifi-2026.4.22-py3-none-any.whl (135 kB)
Collecting charset-normalizer @ https://files.pythonhosted.org/packages/47/5c/032c2d5a07fe4d4855fea851209cca2b6f03ebeb6d4e3afdb3358386a684/charset_normalizer-3.4.7-cp314-cp314-manylinux2014_x86_64.manylinux_2_17_x86_64.manylinux_2_28_x86_64.whl (from -r /workspace/jlens/bundle/jacobian-lens/research/refit_round_2026-09-07/deployment/requirements.lock (line 7))
  Downloading charset_normalizer-3.4.7-cp314-cp314-manylinux2014_x86_64.manylinux_2_17_x86_64.manylinux_2_28_x86_64.whl (215 kB)
Collecting cuda-bindings @ https://files.pythonhosted.org/packages/d1/af/6dfd8f2ed90b1d4719bc053ff8940e494640fe4212dc3dd72f383e4992da/cuda_bindings-12.9.4-cp314-cp314-manylinux_2_24_x86_64.manylinux_2_28_x86_64.whl (from -r /workspace/jlens/bundle/jacobian-lens/research/refit_round_2026-09-07/deployment/requirements.lock (line 8))
  Downloading cuda_bindings-12.9.4-cp314-cp314-manylinux_2_24_x86_64.manylinux_2_28_x86_64.whl (11.9 MB)
     ━━━━━━━━━━━━━━━━━━━━━━━━━━━━━━━━━━━━━━━━ 11.9/11.9 MB 39.0 MB/s  0:00:00
Collecting cuda-pathfinder @ https://files.pythonhosted.org/packages/9b/c0/3cf324a6a3419e8f6ee44fbdf1d9297cc9b353f30c77b2827a8df66ca90d/cuda_pathfinder-1.2.2-py3-none-any.whl (from -r /workspace/jlens/bundle/jacobian-lens/research/refit_round_2026-09-07/deployment/requirements.lock (line 9))
  Downloading cuda_pathfinder-1.2.2-py3-none-any.whl (23 kB)
Collecting cuda-toolkit @ https://files.pythonhosted.org/packages/d4/c8/7dce3a0b15b42a3b58e7d96eb22a687d3bf2c44e01d149a6874629cd9938/cuda_toolkit-12.8.1-py2.py3-none-any.whl (from -r /workspace/jlens/bundle/jacobian-lens/research/refit_round_2026-09-07/deployment/requirements.lock (line 10))
  Downloading cuda_toolkit-12.8.1-py2.py3-none-any.whl (2.3 kB)
Collecting filelock @ https://files.pythonhosted.org/packages/81/47/dd9a212ef6e343a6857485ffe25bba537304f1913bdbed446a23f7f592e1/filelock-3.29.0-py3-none-any.whl (from -r /workspace/jlens/bundle/jacobian-lens/research/refit_round_2026-09-07/deployment/requirements.lock (line 11))
  Downloading filelock-3.29.0-py3-none-any.whl (39 kB)
Collecting fsspec @ https://files.pythonhosted.org/packages/e6/ab/fb21f4c939bb440104cc2b396d3be1d9b7a9fd3c6c2a53d98c45b3d7c954/fsspec-2026.2.0-py3-none-any.whl (from -r /workspace/jlens/bundle/jacobian-lens/research/refit_round_2026-09-07/deployment/requirements.lock (line 12))
  Downloading fsspec-2026.2.0-py3-none-any.whl (202 kB)
Collecting hf-xet @ https://files.pythonhosted.org/packages/49/4d/103f76b04310e5e57656696cc184690d20c466af0bca3ca88f8c8ea5d4f3/hf_xet-1.5.0-cp37-abi3-manylinux2014_x86_64.manylinux_2_17_x86_64.whl (from -r /workspace/jlens/bundle/jacobian-lens/research/refit_round_2026-09-07/deployment/requirements.lock (line 13))
  Downloading hf_xet-1.5.0-cp37-abi3-manylinux2014_x86_64.manylinux_2_17_x86_64.whl (4.5 MB)
     ━━━━━━━━━━━━━━━━━━━━━━━━━━━━━━━━━━━━━━━━ 4.5/4.5 MB 93.3 MB/s  0:00:00
Collecting huggingface_hub @ https://files.pythonhosted.org/packages/a8/af/48ac8483240de756d2438c380746e7130d1c6f75802ef22f3c6d49982787/huggingface_hub-0.36.2-py3-none-any.whl (from -r /workspace/jlens/bundle/jacobian-lens/research/refit_round_2026-09-07/deployment/requirements.lock (line 14))
  Downloading huggingface_hub-0.36.2-py3-none-any.whl (566 kB)
     ━━━━━━━━━━━━━━━━━━━━━━━━━━━━━━━━━━━━━━━━ 566.4/566.4 kB 137.8 MB/s  0:00:00
Collecting idna @ https://files.pythonhosted.org/packages/5d/13/ad7d7ca3808a898b4612b6fe93cde56b53f3034dcde235acb1f0e1df24c6/idna-3.13-py3-none-any.whl (from -r /workspace/jlens/bundle/jacobian-lens/research/refit_round_2026-09-07/deployment/requirements.lock (line 15))
  Downloading idna-3.13-py3-none-any.whl (68 kB)
Collecting Jinja2 @ https://files.pythonhosted.org/packages/62/a1/3d680cbfd5f4b8f15abc1d571870c5fc3e594bb582bc3b64ea099db13e56/jinja2-3.1.6-py3-none-any.whl (from -r /workspace/jlens/bundle/jacobian-lens/research/refit_round_2026-09-07/deployment/requirements.lock (line 16))
  Downloading jinja2-3.1.6-py3-none-any.whl (134 kB)
Collecting MarkupSafe @ https://files.pythonhosted.org/packages/41/3c/a36c2450754618e62008bf7435ccb0f88053e07592e6028a34776213d877/markupsafe-3.0.3-cp314-cp314-manylinux2014_x86_64.manylinux_2_17_x86_64.manylinux_2_28_x86_64.whl (from -r /workspace/jlens/bundle/jacobian-lens/research/refit_round_2026-09-07/deployment/requirements.lock (line 17))
  Downloading markupsafe-3.0.3-cp314-cp314-manylinux2014_x86_64.manylinux_2_17_x86_64.manylinux_2_28_x86_64.whl (23 kB)
Collecting mpmath @ https://files.pythonhosted.org/packages/43/e3/7d92a15f894aa0c9c4b49b8ee9ac9850d6e63b03c9c32c0367a13ae62209/mpmath-1.3.0-py3-none-any.whl (from -r /workspace/jlens/bundle/jacobian-lens/research/refit_round_2026-09-07/deployment/requirements.lock (line 18))
  Downloading mpmath-1.3.0-py3-none-any.whl (536 kB)
     ━━━━━━━━━━━━━━━━━━━━━━━━━━━━━━━━━━━━━━━━ 536.2/536.2 kB 123.7 MB/s  0:00:00
Collecting networkx @ https://files.pythonhosted.org/packages/9e/c9/b2622292ea83fbb4ec318f5b9ab867d0a28ab43c5717bb85b0a5f6b3b0a4/networkx-3.6.1-py3-none-any.whl (from -r /workspace/jlens/bundle/jacobian-lens/research/refit_round_2026-09-07/deployment/requirements.lock (line 19))
  Downloading networkx-3.6.1-py3-none-any.whl (2.1 MB)
     ━━━━━━━━━━━━━━━━━━━━━━━━━━━━━━━━━━━━━━━━ 2.1/2.1 MB 110.7 MB/s  0:00:00
Collecting numpy @ https://files.pythonhosted.org/packages/98/7c/21252050676612625449b4807d6b695b9ce8a7c9e1c197ee6216c8a65c7c/numpy-2.4.4-cp314-cp314-manylinux_2_27_x86_64.manylinux_2_28_x86_64.whl (from -r /workspace/jlens/bundle/jacobian-lens/research/refit_round_2026-09-07/deployment/requirements.lock (line 20))
  Downloading numpy-2.4.4-cp314-cp314-manylinux_2_27_x86_64.manylinux_2_28_x86_64.whl (16.6 MB)
     ━━━━━━━━━━━━━━━━━━━━━━━━━━━━━━━━━━━━━━━━ 16.6/16.6 MB 102.5 MB/s  0:00:00
Collecting nvidia-cublas-cu12 @ https://files.pythonhosted.org/packages/dc/61/e24b560ab2e2eaeb3c839129175fb330dfcfc29e5203196e5541a4c44682/nvidia_cublas_cu12-12.8.4.1-py3-none-manylinux_2_27_x86_64.whl (from -r /workspace/jlens/bundle/jacobian-lens/research/refit_round_2026-09-07/deployment/requirements.lock (line 21))
  Downloading nvidia_cublas_cu12-12.8.4.1-py3-none-manylinux_2_27_x86_64.whl (594.3 MB)
     ━━━━━━━━━━━━━━━━━━━━━━━━━━━━━━━━━━━━━━━━ 594.3/594.3 MB 101.9 MB/s  0:00:05
Collecting nvidia-cuda-cupti-cu12 @ https://files.pythonhosted.org/packages/f8/02/2adcaa145158bf1a8295d83591d22e4103dbfd821bcaf6f3f53151ca4ffa/nvidia_cuda_cupti_cu12-12.8.90-py3-none-manylinux2014_x86_64.manylinux_2_17_x86_64.whl (from -r /workspace/jlens/bundle/jacobian-lens/research/refit_round_2026-09-07/deployment/requirements.lock (line 22))
  Downloading nvidia_cuda_cupti_cu12-12.8.90-py3-none-manylinux2014_x86_64.manylinux_2_17_x86_64.whl (10.2 MB)
     ━━━━━━━━━━━━━━━━━━━━━━━━━━━━━━━━━━━━━━━━ 10.2/10.2 MB 115.9 MB/s  0:00:00
Collecting nvidia-cuda-nvrtc-cu12 @ https://files.pythonhosted.org/packages/05/6b/32f747947df2da6994e999492ab306a903659555dddc0fbdeb9d71f75e52/nvidia_cuda_nvrtc_cu12-12.8.93-py3-none-manylinux2010_x86_64.manylinux_2_12_x86_64.whl (from -r /workspace/jlens/bundle/jacobian-lens/research/refit_round_2026-09-07/deployment/requirements.lock (line 23))
  Downloading nvidia_cuda_nvrtc_cu12-12.8.93-py3-none-manylinux2010_x86_64.manylinux_2_12_x86_64.whl (88.0 MB)
     ━━━━━━━━━━━━━━━━━━━━━━━━━━━━━━━━━━━━━━━━ 88.0/88.0 MB 116.8 MB/s  0:00:00
Collecting nvidia-cuda-runtime-cu12 @ https://files.pythonhosted.org/packages/0d/9b/a997b638fcd068ad6e4d53b8551a7d30fe8b404d6f1804abf1df69838932/nvidia_cuda_runtime_cu12-12.8.90-py3-none-manylinux2014_x86_64.manylinux_2_17_x86_64.whl (from -r /workspace/jlens/bundle/jacobian-lens/research/refit_round_2026-09-07/deployment/requirements.lock (line 24))
  Downloading nvidia_cuda_runtime_cu12-12.8.90-py3-none-manylinux2014_x86_64.manylinux_2_17_x86_64.whl (954 kB)
     ━━━━━━━━━━━━━━━━━━━━━━━━━━━━━━━━━━━━━━━━ 954.8/954.8 kB 118.5 MB/s  0:00:00
Collecting nvidia-cudnn-cu12 @ https://files.pythonhosted.org/packages/3b/52/94aecda69df65ba1079a8b7dbe84632af5614dc0ed2c733185f6431874e3/nvidia_cudnn_cu12-9.20.0.48-py3-none-manylinux_2_27_x86_64.whl (from -r /workspace/jlens/bundle/jacobian-lens/research/refit_round_2026-09-07/deployment/requirements.lock (line 25))
  Downloading nvidia_cudnn_cu12-9.20.0.48-py3-none-manylinux_2_27_x86_64.whl (657.9 MB)
     ━━━━━━━━━━━━━━━━━━━━━━━━━━━━━━━━━━━━━━━━ 657.9/657.9 MB 103.1 MB/s  0:00:06
Collecting nvidia-cufft-cu12 @ https://files.pythonhosted.org/packages/1f/13/ee4e00f30e676b66ae65b4f08cb5bcbb8392c03f54f2d5413ea99a5d1c80/nvidia_cufft_cu12-11.3.3.83-py3-none-manylinux2014_x86_64.manylinux_2_17_x86_64.whl (from -r /workspace/jlens/bundle/jacobian-lens/research/refit_round_2026-09-07/deployment/requirements.lock (line 26))
  Downloading nvidia_cufft_cu12-11.3.3.83-py3-none-manylinux2014_x86_64.manylinux_2_17_x86_64.whl (193.1 MB)
     ━━━━━━━━━━━━━━━━━━━━━━━━━━━━━━━━━━━━━━━━ 193.1/193.1 MB 103.9 MB/s  0:00:01
Collecting nvidia-cufile-cu12 @ https://files.pythonhosted.org/packages/bb/fe/1bcba1dfbfb8d01be8d93f07bfc502c93fa23afa6fd5ab3fc7c1df71038a/nvidia_cufile_cu12-1.13.1.3-py3-none-manylinux2014_x86_64.manylinux_2_17_x86_64.whl (from -r /workspace/jlens/bundle/jacobian-lens/research/refit_round_2026-09-07/deployment/requirements.lock (line 27))
  Downloading nvidia_cufile_cu12-1.13.1.3-py3-none-manylinux2014_x86_64.manylinux_2_17_x86_64.whl (1.2 MB)
     ━━━━━━━━━━━━━━━━━━━━━━━━━━━━━━━━━━━━━━━━ 1.2/1.2 MB 106.7 MB/s  0:00:00
Collecting nvidia-curand-cu12 @ https://files.pythonhosted.org/packages/fb/aa/6584b56dc84ebe9cf93226a5cde4d99080c8e90ab40f0c27bda7a0f29aa1/nvidia_curand_cu12-10.3.9.90-py3-none-manylinux_2_27_x86_64.whl (from -r /workspace/jlens/bundle/jacobian-lens/research/refit_round_2026-09-07/deployment/requirements.lock (line 28))
  Downloading nvidia_curand_cu12-10.3.9.90-py3-none-manylinux_2_27_x86_64.whl (63.6 MB)
     ━━━━━━━━━━━━━━━━━━━━━━━━━━━━━━━━━━━━━━━━ 63.6/63.6 MB 108.6 MB/s  0:00:00
Collecting nvidia-cusolver-cu12 @ https://files.pythonhosted.org/packages/85/48/9a13d2975803e8cf2777d5ed57b87a0b6ca2cc795f9a4f59796a910bfb80/nvidia_cusolver_cu12-11.7.3.90-py3-none-manylinux_2_27_x86_64.whl (from -r /workspace/jlens/bundle/jacobian-lens/research/refit_round_2026-09-07/deployment/requirements.lock (line 29))
  Downloading nvidia_cusolver_cu12-11.7.3.90-py3-none-manylinux_2_27_x86_64.whl (267.5 MB)
     ━━━━━━━━━━━━━━━━━━━━━━━━━━━━━━━━━━━━━━━━ 267.5/267.5 MB 112.3 MB/s  0:00:02
Collecting nvidia-cusparse-cu12 @ https://files.pythonhosted.org/packages/c2/f5/e1854cb2f2bcd4280c44736c93550cc300ff4b8c95ebe370d0aa7d2b473d/nvidia_cusparse_cu12-12.5.8.93-py3-none-manylinux2014_x86_64.manylinux_2_17_x86_64.whl (from -r /workspace/jlens/bundle/jacobian-lens/research/refit_round_2026-09-07/deployment/requirements.lock (line 30))
  Downloading nvidia_cusparse_cu12-12.5.8.93-py3-none-manylinux2014_x86_64.manylinux_2_17_x86_64.whl (288.2 MB)
     ━━━━━━━━━━━━━━━━━━━━━━━━━━━━━━━━━━━━━━━━ 288.2/288.2 MB 101.7 MB/s  0:00:02
Collecting nvidia-cusparselt-cu12 @ https://files.pythonhosted.org/packages/56/79/12978b96bd44274fe38b5dde5cfb660b1d114f70a65ef962bcbbed99b549/nvidia_cusparselt_cu12-0.7.1-py3-none-manylinux2014_x86_64.whl (from -r /workspace/jlens/bundle/jacobian-lens/research/refit_round_2026-09-07/deployment/requirements.lock (line 31))
  Downloading nvidia_cusparselt_cu12-0.7.1-py3-none-manylinux2014_x86_64.whl (287.2 MB)
     ━━━━━━━━━━━━━━━━━━━━━━━━━━━━━━━━━━━━━━━━ 287.2/287.2 MB 110.7 MB/s  0:00:02
Collecting nvidia-nccl-cu12 @ https://files.pythonhosted.org/packages/31/1e/9e366f36efc550f07d6737f199e3f6bffafdf28795d007f10a77dd274f5c/nvidia_nccl_cu12-2.29.7-py3-none-manylinux_2_18_x86_64.whl (from -r /workspace/jlens/bundle/jacobian-lens/research/refit_round_2026-09-07/deployment/requirements.lock (line 32))
  Downloading nvidia_nccl_cu12-2.29.7-py3-none-manylinux_2_18_x86_64.whl (293.6 MB)
     ━━━━━━━━━━━━━━━━━━━━━━━━━━━━━━━━━━━━━━━━ 293.6/293.6 MB 105.3 MB/s  0:00:02
Collecting nvidia-nvjitlink-cu12 @ https://files.pythonhosted.org/packages/f6/74/86a07f1d0f42998ca31312f998bd3b9a7eff7f52378f4f270c8679c77fb9/nvidia_nvjitlink_cu12-12.8.93-py3-none-manylinux2010_x86_64.manylinux_2_12_x86_64.whl (from -r /workspace/jlens/bundle/jacobian-lens/research/refit_round_2026-09-07/deployment/requirements.lock (line 33))
  Downloading nvidia_nvjitlink_cu12-12.8.93-py3-none-manylinux2010_x86_64.manylinux_2_12_x86_64.whl (39.3 MB)
     ━━━━━━━━━━━━━━━━━━━━━━━━━━━━━━━━━━━━━━━━ 39.3/39.3 MB 117.2 MB/s  0:00:00
Collecting nvidia-nvshmem-cu12 @ https://files.pythonhosted.org/packages/b5/09/6ea3ea725f82e1e76684f0708bbedd871fc96da89945adeba65c3835a64c/nvidia_nvshmem_cu12-3.4.5-py3-none-manylinux2014_x86_64.manylinux_2_17_x86_64.whl (from -r /workspace/jlens/bundle/jacobian-lens/research/refit_round_2026-09-07/deployment/requirements.lock (line 34))
  Downloading nvidia_nvshmem_cu12-3.4.5-py3-none-manylinux2014_x86_64.manylinux_2_17_x86_64.whl (139.1 MB)
     ━━━━━━━━━━━━━━━━━━━━━━━━━━━━━━━━━━━━━━━━ 139.1/139.1 MB 115.4 MB/s  0:00:01
Collecting nvidia-nvtx-cu12 @ https://files.pythonhosted.org/packages/a2/eb/86626c1bbc2edb86323022371c39aa48df6fd8b0a1647bc274577f72e90b/nvidia_nvtx_cu12-12.8.90-py3-none-manylinux2014_x86_64.manylinux_2_17_x86_64.whl (from -r /workspace/jlens/bundle/jacobian-lens/research/refit_round_2026-09-07/deployment/requirements.lock (line 35))
  Downloading nvidia_nvtx_cu12-12.8.90-py3-none-manylinux2014_x86_64.manylinux_2_17_x86_64.whl (89 kB)
Collecting packaging @ https://files.pythonhosted.org/packages/df/b2/87e62e8c3e2f4b32e5fe99e0b86d576da1312593b39f47d8ceef365e95ed/packaging-26.2-py3-none-any.whl (from -r /workspace/jlens/bundle/jacobian-lens/research/refit_round_2026-09-07/deployment/requirements.lock (line 36))
  Downloading packaging-26.2-py3-none-any.whl (100 kB)
Collecting psutil @ https://files.pythonhosted.org/packages/b5/70/5d8df3b09e25bce090399cf48e452d25c935ab72dad19406c77f4e828045/psutil-7.2.2-cp36-abi3-manylinux2010_x86_64.manylinux_2_12_x86_64.manylinux_2_28_x86_64.whl (from -r /workspace/jlens/bundle/jacobian-lens/research/refit_round_2026-09-07/deployment/requirements.lock (line 37))
  Downloading psutil-7.2.2-cp36-abi3-manylinux2010_x86_64.manylinux_2_12_x86_64.manylinux_2_28_x86_64.whl (155 kB)
Collecting PyYAML @ https://files.pythonhosted.org/packages/88/f9/16491d7ed2a919954993e48aa941b200f38040928474c9e85ea9e64222c3/pyyaml-6.0.3-cp314-cp314-manylinux2014_x86_64.manylinux_2_17_x86_64.manylinux_2_28_x86_64.whl (from -r /workspace/jlens/bundle/jacobian-lens/research/refit_round_2026-09-07/deployment/requirements.lock (line 38))
  Downloading pyyaml-6.0.3-cp314-cp314-manylinux2014_x86_64.manylinux_2_17_x86_64.manylinux_2_28_x86_64.whl (794 kB)
     ━━━━━━━━━━━━━━━━━━━━━━━━━━━━━━━━━━━━━━━━ 794.2/794.2 kB 120.5 MB/s  0:00:00
Collecting regex @ https://files.pythonhosted.org/packages/d9/27/2af43dd1dc201d1fecefda64a45f4ad0995855b92724f795a777b402ee69/regex-2026.5.9-cp314-cp314-manylinux2014_x86_64.manylinux_2_17_x86_64.manylinux_2_28_x86_64.whl (from -r /workspace/jlens/bundle/jacobian-lens/research/refit_round_2026-09-07/deployment/requirements.lock (line 39))
  Downloading regex-2026.5.9-cp314-cp314-manylinux2014_x86_64.manylinux_2_17_x86_64.manylinux_2_28_x86_64.whl (800 kB)
     ━━━━━━━━━━━━━━━━━━━━━━━━━━━━━━━━━━━━━━━━ 800.6/800.6 kB 121.8 MB/s  0:00:00
Collecting requests @ https://files.pythonhosted.org/packages/d7/8e/7540e8a2036f79a125c1d2ebadf69ed7901608859186c856fa0388ef4197/requests-2.33.1-py3-none-any.whl (from -r /workspace/jlens/bundle/jacobian-lens/research/refit_round_2026-09-07/deployment/requirements.lock (line 40))
  Downloading requests-2.33.1-py3-none-any.whl (64 kB)
Collecting safetensors @ https://files.pythonhosted.org/packages/a0/60/429e9b1cb3fc651937727befe258ea24122d9663e4d5709a48c9cbfceecb/safetensors-0.7.0-cp38-abi3-manylinux_2_17_x86_64.manylinux2014_x86_64.whl (from -r /workspace/jlens/bundle/jacobian-lens/research/refit_round_2026-09-07/deployment/requirements.lock (line 41))
  Downloading safetensors-0.7.0-cp38-abi3-manylinux_2_17_x86_64.manylinux2014_x86_64.whl (507 kB)
Collecting setuptools @ https://files.pythonhosted.org/packages/54/21/f43f0a1fa8b06b32812e0975981f4677d28e0f3271601dc88ac5a5b83220/setuptools-78.1.0-py3-none-any.whl (from -r /workspace/jlens/bundle/jacobian-lens/research/refit_round_2026-09-07/deployment/requirements.lock (line 42))
  Downloading setuptools-78.1.0-py3-none-any.whl (1.3 MB)
     ━━━━━━━━━━━━━━━━━━━━━━━━━━━━━━━━━━━━━━━━ 1.3/1.3 MB 118.1 MB/s  0:00:00
Collecting sympy @ https://files.pythonhosted.org/packages/a2/09/77d55d46fd61b4a135c444fc97158ef34a095e5681d0a6c10b75bf356191/sympy-1.14.0-py3-none-any.whl (from -r /workspace/jlens/bundle/jacobian-lens/research/refit_round_2026-09-07/deployment/requirements.lock (line 43))
  Downloading sympy-1.14.0-py3-none-any.whl (6.3 MB)
     ━━━━━━━━━━━━━━━━━━━━━━━━━━━━━━━━━━━━━━━━ 6.3/6.3 MB 113.0 MB/s  0:00:00
Collecting tokenizers @ https://files.pythonhosted.org/packages/f2/90/273b6c7ec78af547694eddeea9e05de771278bd20476525ab930cecaf7d8/tokenizers-0.21.4-cp39-abi3-manylinux_2_17_x86_64.manylinux2014_x86_64.whl (from -r /workspace/jlens/bundle/jacobian-lens/research/refit_round_2026-09-07/deployment/requirements.lock (line 44))
  Downloading tokenizers-0.21.4-cp39-abi3-manylinux_2_17_x86_64.manylinux2014_x86_64.whl (3.1 MB)
     ━━━━━━━━━━━━━━━━━━━━━━━━━━━━━━━━━━━━━━━━ 3.1/3.1 MB 117.7 MB/s  0:00:00
Collecting tqdm @ https://files.pythonhosted.org/packages/16/e1/3079a9ff9b8e11b846c6ac5c8b5bfb7ff225eee721825310c91b3b50304f/tqdm-4.67.3-py3-none-any.whl (from -r /workspace/jlens/bundle/jacobian-lens/research/refit_round_2026-09-07/deployment/requirements.lock (line 45))
  Downloading tqdm-4.67.3-py3-none-any.whl (78 kB)
Collecting transformers @ https://files.pythonhosted.org/packages/cf/18/eb7578f84ef5a080d4e5ca9bc4f7c68e7aa9c1e464f1b3d3001e4c642fce/transformers-4.54.1-py3-none-any.whl (from -r /workspace/jlens/bundle/jacobian-lens/research/refit_round_2026-09-07/deployment/requirements.lock (line 46))
  Downloading transformers-4.54.1-py3-none-any.whl (11.2 MB)
     ━━━━━━━━━━━━━━━━━━━━━━━━━━━━━━━━━━━━━━━━ 11.2/11.2 MB 117.5 MB/s  0:00:00
Collecting typing_extensions @ https://files.pythonhosted.org/packages/18/67/36e9267722cc04a6b9f15c7f3441c2363321a3ea07da7ae0c0707beb2a9c/typing_extensions-4.15.0-py3-none-any.whl (from -r /workspace/jlens/bundle/jacobian-lens/research/refit_round_2026-09-07/deployment/requirements.lock (line 47))
  Downloading typing_extensions-4.15.0-py3-none-any.whl (44 kB)
Collecting urllib3 @ https://files.pythonhosted.org/packages/7f/3e/5db95bcf282c52709639744ca2a8b149baccf648e39c8cc87553df9eae0c/urllib3-2.7.0-py3-none-any.whl (from -r /workspace/jlens/bundle/jacobian-lens/research/refit_round_2026-09-07/deployment/requirements.lock (line 48))
  Downloading urllib3-2.7.0-py3-none-any.whl (131 kB)
Installing collected packages: nvidia-cusparselt-cu12, mpmath, cuda-toolkit, cuda-bindings, urllib3, typing_extensions, triton, transformers, tqdm, torch, tokenizers, sympy, setuptools, safetensors, requests, regex, PyYAML, psutil, packaging, nvidia-nvtx-cu12, nvidia-nvshmem-cu12, nvidia-nvjitlink-cu12, nvidia-nccl-cu12, nvidia-cusparse-cu12, nvidia-cusolver-cu12, nvidia-curand-cu12, nvidia-cufile-cu12, nvidia-cufft-cu12, nvidia-cudnn-cu12, nvidia-cuda-runtime-cu12, nvidia-cuda-nvrtc-cu12, nvidia-cuda-cupti-cu12, nvidia-cublas-cu12, numpy, networkx, MarkupSafe, Jinja2, idna, huggingface_hub, hf-xet, fsspec, filelock, cuda-pathfinder, charset-normalizer, certifi, accelerate

Successfully installed Jinja2-3.1.6 MarkupSafe-3.0.3 PyYAML-6.0.3 accelerate-1.13.0 certifi-2026.4.22 charset-normalizer-3.4.7 cuda-bindings-12.9.4 cuda-pathfinder-1.2.2 cuda-toolkit-12.8.1 filelock-3.29.0 fsspec-2026.2.0 hf-xet-1.5.0 huggingface_hub-0.36.2 idna-3.13 mpmath-1.3.0 networkx-3.6.1 numpy-2.4.4 nvidia-cublas-cu12-12.8.4.1 nvidia-cuda-cupti-cu12-12.8.90 nvidia-cuda-nvrtc-cu12-12.8.93 nvidia-cuda-runtime-cu12-12.8.90 nvidia-cudnn-cu12-9.20.0.48 nvidia-cufft-cu12-11.3.3.83 nvidia-cufile-cu12-1.13.1.3 nvidia-curand-cu12-10.3.9.90 nvidia-cusolver-cu12-11.7.3.90 nvidia-cusparse-cu12-12.5.8.93 nvidia-cusparselt-cu12-0.7.1 nvidia-nccl-cu12-2.29.7 nvidia-nvjitlink-cu12-12.8.93 nvidia-nvshmem-cu12-3.4.5 nvidia-nvtx-cu12-12.8.90 packaging-26.2 psutil-7.2.2 regex-2026.5.9 requests-2.33.1 safetensors-0.7.0 setuptools-78.1.0 sympy-1.14.0 tokenizers-0.21.4 torch-2.12.0.dev20260407+cu128 tqdm-4.67.3 transformers-4.54.1 triton-3.7.0+git9c288bc5 typing_extensions-4.15.0 urllib3-2.7.0
